houston	houston
all	all
spokan	spokane
show	show
over	over
meter	meters
mile	miles
through	through
higher	higher
ga	ga
dakota	dakota
nevada	nevada
texa	texas
tennesse	tennessee
hampshir	hampshire
whose	whose
highest	highest
locat	located
albani	albany
mckinlei	mckinley
lake	lakes lake
denver	denver
to	to
adjoin	adjoin
citizen	citizens
inhabit	inhabitants
main	maine
carolina	carolina
boulder	boulder
me	me
them	them
iowa	iowa
big	big
michigan	michigan
grand	grande
utah	utah
virginia	virginia
baton	baton
platt	platte
flint	flint
longest	longest
roug	rouge
not	not
height	height
resid	reside residents
name	named name names
level	level
miami	miami
list	list
hawaii	hawaii
detroit	detroit
kansa	kansas
massachusett	massachusetts
each	each
ohio	ohio
river	river rivers
where	where
vermont	vermont
kalamazoo	kalamazoo
lie	lie
arkansa	arkansas
50	50
go	go
dalla	dallas
sea	sea
pass	passes pass
wisconsin	wisconsin
portland	portland
what	what whats
length	length
for	for
chicago	chicago
goe	goes
oklahoma	oklahoma
though	though
per	per
continent	continental
state	states state
smallest	smallest
larg	large
wayn	wayne
kilomet	kilometers
new	new
salem	salem
red	red
arizona	arizona
run	runs run running
delawar	delaware
do	do
jose	jose
fewest	fewest
rochest	rochester
death	death
california	california
york	york
found	found
wyom	wyoming
by	by
shortest	shortest
popul	populous populations populated population
on	on one
about	about
island	island
could	could
area	area
florida	florida
alaska	alaska
surround	surrounding surround
american	american
neighbor	neighboring neighbor
mani	many
austin	austin
or	or
south	south
major	major
vallei	valley
colorado	colorado
point	points point
countri	country
washington	washington
number	number
minnesota	minnesota
wash	washed
durham	durham
least	least
exclud	excluding
total	total
unit	united
size	size
mississippi	mississippi
usa	usa
citi	city cities
west	west
there	there
adjac	adjacent
long	long
next	next
rhode	rhode
live	live lived
much	much
call	called
maryland	maryland
biggest	biggest
indiana	indiana
louisiana	louisiana
tell	tell
lowest	lowest
urban	urban
capit	capitals capital
north	north
whitnei	whitney
that	that
pittsburgh	pittsburgh
peopl	people
densiti	densities density
travers	traverse traversed traverses
oregon	oregon
columbu	columbus
moin	moines
atlanta	atlanta
ha	has
with	with
than	than
those	those
fort	fort
count	count
georgia	georgia
temp	tempe
contain	contains contain
tallest	tallest
mount	mount
maximum	maximum
us	us
cite	cites
dens	dense
tucson	tucson
nebraska	nebraska
can	can
of	of
mississsippi	mississsippi
potomac	potomac
eri	erie
kentucki	kentucky
and	and
orlean	orleans
san	san
mexico	mexico
boston	boston
is	is
it	it
high	high
rio	rio
ar	are
exist	exist
at	at
have	have
in	in
antonio	antonio
border	borders border bordering
indianapoli	indianapolis
riversid	riverside
illinoi	illinois
squar	square
no	no
scott	scotts
cross	cross
how	how
other	other
diego	diego
which	which
largest	largest
seattl	seattle
you	you
idaho	idaho
montgomeri	montgomery
francisco	francisco
mountain	mountain mountains
sacramento	sacramento
town	towns
spot	spot
springfield	springfield
dc	dc
most	most
montana	montana
peak	peak
chattahooche	chattahoochee
guadalup	guadalupe
minneapoli	minneapolis
plano	plano
america	america
the	the
averag	average
stai	stay
a	a
lower	lower
give	give
longer	longer
pennsylvania	pennsylvania
flow	flow flows flowing
km	km
doe	does
jersei	jersey
de	des
combin	combined
greatest	greatest
elev	elevation elevations
missouri	missouri
tall	tall
alabama	alabama
dover	dover
salt	salt
sparsest	sparsest
